Report for group default
Report for group I2R
Report for group I2O
------------------------------------------------------------------------------------------------------------------------------------------------------------
Startpoint: B[1]
    (Clocked by vsysclk R)
Endpoint: OF
    (Clocked by vsysclk R)
Path Group: I2O
Data required time: 19500.0
    (Clock shift: 20000.0, minus Uncertainty: 0.0, plus Latency 0.0, minus Out delay: 500.0)
Data arrival time: 2604.7
Slack: 16895.3
Logic depth: 64
------------------------------------------------------------------------------------------------------------------------------------------------------------
                                                     Arrival               Arc      Net               Net    Total   fan-                                   
Path                     Module/Cell           Edge     Time    Delay    Delay    Delay     Slew     Load     Load    out     Location Power Domain      (V)
                                                        (ps)     (ps)     (ps)     (ps)     (ps)     (ff)     (ff)    (#)      (um,um)                      
------------------------------------------------------------------------------------------------------------------------------------------------------------
B[1]                     {set_input_delay}        r   1000.0   1000.0   1000.0                        2.3      8.1      2    41,   81                       
genblk1_1_f/i_0_0/B->Z   XOR2_X2                 rf   1030.9     30.7     30.7      0.0    100.0      0.5      6.1      2    40,   41  /PD_TOP        (1.10)
ra/genblk1_0_full_adder_inst/i_0_1/A2->ZN
                         AND2_X4                 ff   1065.4     34.5     34.5      0.0     13.6      0.8     11.7      3    40,   41  /PD_TOP        (1.10)
ra/genblk1_1_full_adder_inst/i_0_1/B1->ZN
                         OAI21_X4                fr   1091.3     25.9     25.9      0.0      7.4      0.3      4.2      1    40,   41  /PD_TOP        (1.10)
ra/genblk1_1_full_adder_inst/i_0_0/A2->ZN
                         NAND2_X4                rf   1111.6     20.3     20.3      0.0     18.3      0.8     11.7      3    40,   41  /PD_TOP        (1.10)
ra/genblk1_2_full_adder_inst/i_0_1/B1->ZN
                         OAI21_X4                fr   1138.5     26.9     26.9      0.0      9.9      0.3      4.2      1    40,   41  /PD_TOP        (1.10)
ra/genblk1_2_full_adder_inst/i_0_0/A2->ZN
                         NAND2_X4                rf   1158.8     20.3     20.3      0.0     18.3      0.8     11.7      3    40,   41  /PD_TOP        (1.10)
ra/genblk1_3_full_adder_inst/i_0_1/B1->ZN
                         OAI21_X4                fr   1185.7     26.9     26.9      0.0      9.9      0.3      4.2      1    40,   41  /PD_TOP        (1.10)
ra/genblk1_3_full_adder_inst/i_0_0/A2->ZN
                         NAND2_X4                rf   1206.0     20.3     20.3      0.0     18.3      0.8     11.7      3    40,   41  /PD_TOP        (1.10)
ra/genblk1_4_full_adder_inst/i_0_1/B1->ZN
                         OAI21_X4                fr   1232.9     26.9     26.9      0.0      9.9      0.3      4.2      1    40,   41  /PD_TOP        (1.10)
ra/genblk1_4_full_adder_inst/i_0_0/A2->ZN
                         NAND2_X4                rf   1253.2     20.3     20.3      0.0     18.3      0.8     11.7      3    40,   41  /PD_TOP        (1.10)
ra/genblk1_5_full_adder_inst/i_0_1/B1->ZN
                         OAI21_X4                fr   1280.1     26.9     26.9      0.0      9.9      0.3      4.2      1    40,   41  /PD_TOP        (1.10)
ra/genblk1_5_full_adder_inst/i_0_0/A2->ZN
                         NAND2_X4                rf   1300.4     20.3     20.3      0.0     18.3      0.8     11.7      3    40,   41  /PD_TOP        (1.10)
ra/genblk1_6_full_adder_inst/i_0_1/B1->ZN
                         OAI21_X4                fr   1327.3     26.9     26.9      0.0      9.9      0.3      4.2      1    40,   41  /PD_TOP        (1.10)
ra/genblk1_6_full_adder_inst/i_0_0/A2->ZN
                         NAND2_X4                rf   1347.6     20.3     20.3      0.0     18.3      0.8     11.7      3    40,   41  /PD_TOP        (1.10)
ra/genblk1_7_full_adder_inst/i_0_1/B1->ZN
                         OAI21_X4                fr   1374.5     26.9     26.9      0.0      9.9      0.3      4.2      1    40,   41  /PD_TOP        (1.10)
ra/genblk1_7_full_adder_inst/i_0_0/A2->ZN
                         NAND2_X4                rf   1394.8     20.3     20.3      0.0     18.3      0.8     11.7      3    40,   41  /PD_TOP        (1.10)
ra/genblk1_8_full_adder_inst/i_0_1/B1->ZN
                         OAI21_X4                fr   1421.7     26.9     26.9      0.0      9.9      0.3      4.2      1    40,   41  /PD_TOP        (1.10)
ra/genblk1_8_full_adder_inst/i_0_0/A2->ZN
                         NAND2_X4                rf   1442.0     20.3     20.3      0.0     18.3      0.8     11.7      3    40,   41  /PD_TOP        (1.10)
ra/genblk1_9_full_adder_inst/i_0_1/B1->ZN
                         OAI21_X4                fr   1468.9     26.9     26.9      0.0      9.9      0.3      4.2      1    40,   41  /PD_TOP        (1.10)
ra/genblk1_9_full_adder_inst/i_0_0/A2->ZN
                         NAND2_X4                rf   1489.2     20.3     20.3      0.0     18.3      0.8     11.7      3    40,   41  /PD_TOP        (1.10)
ra/genblk1_10_full_adder_inst/i_0_1/B1->ZN
                         OAI21_X4                fr   1516.1     26.9     26.9      0.0      9.9      0.3      4.2      1    40,   41  /PD_TOP        (1.10)
ra/genblk1_10_full_adder_inst/i_0_0/A2->ZN
                         NAND2_X4                rf   1536.4     20.3     20.3      0.0     18.3      0.8     11.7      3    40,   41  /PD_TOP        (1.10)
ra/genblk1_11_full_adder_inst/i_0_1/B1->ZN
                         OAI21_X4                fr   1563.3     26.9     26.9      0.0      9.9      0.3      4.2      1    40,   41  /PD_TOP        (1.10)
ra/genblk1_11_full_adder_inst/i_0_0/A2->ZN
                         NAND2_X4                rf   1583.6     20.3     20.3      0.0     18.3      0.8     11.7      3    40,   41  /PD_TOP        (1.10)
ra/genblk1_12_full_adder_inst/i_0_1/B1->ZN
                         OAI21_X4                fr   1610.5     26.9     26.9      0.0      9.9      0.3      4.2      1    40,   41  /PD_TOP        (1.10)
ra/genblk1_12_full_adder_inst/i_0_0/A2->ZN
                         NAND2_X4                rf   1630.8     20.3     20.3      0.0     18.3      0.8     11.7      3    40,   41  /PD_TOP        (1.10)
ra/genblk1_13_full_adder_inst/i_0_1/B1->ZN
                         OAI21_X4                fr   1657.7     26.9     26.9      0.0      9.9      0.3      4.2      1    40,   41  /PD_TOP        (1.10)
ra/genblk1_13_full_adder_inst/i_0_0/A2->ZN
                         NAND2_X4                rf   1678.0     20.3     20.3      0.0     18.3      0.8     11.7      3    40,   41  /PD_TOP        (1.10)
ra/genblk1_14_full_adder_inst/i_0_1/B1->ZN
                         OAI21_X4                fr   1704.9     26.9     26.9      0.0      9.9      0.3      4.2      1    40,   41  /PD_TOP        (1.10)
ra/genblk1_14_full_adder_inst/i_0_0/A2->ZN
                         NAND2_X4                rf   1725.2     20.3     20.3      0.0     18.3      0.8     11.7      3    40,   41  /PD_TOP        (1.10)
ra/genblk1_15_full_adder_inst/i_0_1/B1->ZN
                         OAI21_X4                fr   1752.1     26.9     26.9      0.0      9.9      0.3      4.2      1    40,   41  /PD_TOP        (1.10)
ra/genblk1_15_full_adder_inst/i_0_0/A2->ZN
                         NAND2_X4                rf   1772.4     20.3     20.3      0.0     18.3      0.8     11.7      3    40,   41  /PD_TOP        (1.10)
ra/genblk1_16_full_adder_inst/i_0_1/B1->ZN
                         OAI21_X4                fr   1799.3     26.9     26.9      0.0      9.9      0.3      4.2      1    40,   41  /PD_TOP        (1.10)
ra/genblk1_16_full_adder_inst/i_0_0/A2->ZN
                         NAND2_X4                rf   1819.6     20.3     20.3      0.0     18.3      0.8     11.7      3    40,   41  /PD_TOP        (1.10)
ra/genblk1_17_full_adder_inst/i_0_1/B1->ZN
                         OAI21_X4                fr   1846.5     26.9     26.9      0.0      9.9      0.3      4.2      1    40,   41  /PD_TOP        (1.10)
ra/genblk1_17_full_adder_inst/i_0_0/A2->ZN
                         NAND2_X4                rf   1866.8     20.3     20.3      0.0     18.3      0.8     11.7      3    40,   41  /PD_TOP        (1.10)
ra/genblk1_18_full_adder_inst/i_0_1/B1->ZN
                         OAI21_X4                fr   1893.7     26.9     26.9      0.0      9.9      0.3      4.2      1    40,   41  /PD_TOP        (1.10)
ra/genblk1_18_full_adder_inst/i_0_0/A2->ZN
                         NAND2_X4                rf   1914.0     20.3     20.3      0.0     18.3      0.8     11.7      3    40,   41  /PD_TOP        (1.10)
ra/genblk1_19_full_adder_inst/i_0_1/B1->ZN
                         OAI21_X4                fr   1940.9     26.9     26.9      0.0      9.9      0.3      4.2      1    40,   41  /PD_TOP        (1.10)
ra/genblk1_19_full_adder_inst/i_0_0/A2->ZN
                         NAND2_X4                rf   1961.2     20.3     20.3      0.0     18.3      0.8     11.7      3    40,   41  /PD_TOP        (1.10)
ra/genblk1_20_full_adder_inst/i_0_1/B1->ZN
                         OAI21_X4                fr   1988.1     26.9     26.9      0.0      9.9      0.3      4.2      1    40,   41  /PD_TOP        (1.10)
ra/genblk1_20_full_adder_inst/i_0_0/A2->ZN
                         NAND2_X4                rf   2008.4     20.3     20.3      0.0     18.3      0.8     11.7      3    40,   41  /PD_TOP        (1.10)
ra/genblk1_21_full_adder_inst/i_0_1/B1->ZN
                         OAI21_X4                fr   2035.3     26.9     26.9      0.0      9.9      0.3      4.2      1    40,   41  /PD_TOP        (1.10)
ra/genblk1_21_full_adder_inst/i_0_0/A2->ZN
                         NAND2_X4                rf   2055.6     20.3     20.3      0.0     18.3      0.8     11.7      3    40,   41  /PD_TOP        (1.10)
ra/genblk1_22_full_adder_inst/i_0_1/B1->ZN
                         OAI21_X4                fr   2082.5     26.9     26.9      0.0      9.9      0.3      4.2      1    40,   41  /PD_TOP        (1.10)
ra/genblk1_22_full_adder_inst/i_0_0/A2->ZN
                         NAND2_X4                rf   2102.8     20.3     20.3      0.0     18.3      0.8     11.7      3    40,   41  /PD_TOP        (1.10)
ra/genblk1_23_full_adder_inst/i_0_1/B1->ZN
                         OAI21_X4                fr   2129.7     26.9     26.9      0.0      9.9      0.3      4.2      1    40,   41  /PD_TOP        (1.10)
ra/genblk1_23_full_adder_inst/i_0_0/A2->ZN
                         NAND2_X4                rf   2150.0     20.3     20.3      0.0     18.3      0.8     11.7      3    40,   41  /PD_TOP        (1.10)
ra/genblk1_24_full_adder_inst/i_0_1/B1->ZN
                         OAI21_X4                fr   2176.9     26.9     26.9      0.0      9.9      0.3      4.2      1    40,   41  /PD_TOP        (1.10)
ra/genblk1_24_full_adder_inst/i_0_0/A2->ZN
                         NAND2_X4                rf   2197.2     20.3     20.3      0.0     18.3      0.8     11.7      3    40,   41  /PD_TOP        (1.10)
ra/genblk1_25_full_adder_inst/i_0_1/B1->ZN
                         OAI21_X4                fr   2224.1     26.9     26.9      0.0      9.9      0.3      4.2      1    40,   41  /PD_TOP        (1.10)
ra/genblk1_25_full_adder_inst/i_0_0/A2->ZN
                         NAND2_X4                rf   2244.4     20.3     20.3      0.0     18.3      0.8     11.7      3    40,   41  /PD_TOP        (1.10)
ra/genblk1_26_full_adder_inst/i_0_1/B1->ZN
                         OAI21_X4                fr   2271.3     26.9     26.9      0.0      9.9      0.3      4.2      1    40,   41  /PD_TOP        (1.10)
ra/genblk1_26_full_adder_inst/i_0_0/A2->ZN
                         NAND2_X4                rf   2291.6     20.3     20.3      0.0     18.3      0.8     11.7      3    40,   41  /PD_TOP        (1.10)
ra/genblk1_27_full_adder_inst/i_0_1/B1->ZN
                         OAI21_X4                fr   2318.5     26.9     26.9      0.0      9.9      0.3      4.2      1    40,   41  /PD_TOP        (1.10)
ra/genblk1_27_full_adder_inst/i_0_0/A2->ZN
                         NAND2_X4                rf   2338.8     20.3     20.3      0.0     18.3      0.8     11.7      3    40,   41  /PD_TOP        (1.10)
ra/genblk1_28_full_adder_inst/i_0_1/B1->ZN
                         OAI21_X4                fr   2365.7     26.9     26.9      0.0      9.9      0.3      4.2      1    40,   41  /PD_TOP        (1.10)
ra/genblk1_28_full_adder_inst/i_0_0/A2->ZN
                         NAND2_X4                rf   2386.0     20.3     20.3      0.0     18.3      0.8     11.7      3    40,   41  /PD_TOP        (1.10)
ra/genblk1_29_full_adder_inst/i_0_1/B1->ZN
                         OAI21_X4                fr   2412.9     26.9     26.9      0.0      9.9      0.3      4.2      1    40,   41  /PD_TOP        (1.10)
ra/genblk1_29_full_adder_inst/i_0_0/A2->ZN
                         NAND2_X4                rf   2433.2     20.3     20.3      0.0     18.3      0.8     11.7      3    40,   41  /PD_TOP        (1.10)
ra/genblk1_30_full_adder_inst/i_0_3/A->ZN
                         XNOR2_X2                ff   2471.0     37.8     37.8      0.0      9.9      0.3      4.0      1    40,   41  /PD_TOP        (1.10)
ra/genblk1_30_full_adder_inst/i_0_2/B->ZN
                         XNOR2_X2                fr   2538.8     67.8     67.8      0.0     11.0      0.3     15.9      2    40,   41  /PD_TOP        (1.10)
i_0_0_1/A->ZN            XNOR2_X2                rr   2587.7     48.9     48.9      0.0     50.1      0.3      4.4      1    40,   41  /PD_TOP        (1.10)
i_0_0_2/A2->ZN           NOR2_X4                 rf   2604.5     16.8     16.8      0.0     23.6      2.4     12.4      1    40,   41  /PD_TOP        (1.10)
OF                                                f   2604.7      0.2               0.2      7.5                             81,   39                       
------------------------------------------------------------------------------------------------------------------------------------------------------------
Report for group R2O
