warning: No library characterized for (process = 1.00 voltage = 0.85 temperature = 25.00) can be found in the database for power domain '/PD_TOP'  [NL-174]
Report Power (instances with prefix '*' are included in total) : 
-----+-----------------------+--------------------+---------------------+-------------------+-----------------
     | Instance              | Internal Power(uw) | Switching Power(uw) | Leakage Power(uw) | Total Power(uw) 
-----+-----------------------+--------------------+---------------------+-------------------+-----------------
1    |*initialBlock          |            1.253796|             2.837895|           0.588171|         4.679862
2    |*finalBlock            |            1.257357|             2.841692|           0.588171|         4.687220
3    |*i_0_0_0               |            0.086857|             0.068164|           0.036164|         0.191185
4    |*i_0_0_1               |            0.081238|             0.067021|           0.036441|         0.184700
5    |*i_0_0_2               |            0.025975|             0.140369|           0.021200|         0.187543
6    |*genblk1_2_middleBlocks|            1.260546|             2.854505|           0.588171|         4.703222
7    |*genblk1_3_middleBlocks|            1.256210|             2.851029|           0.588171|         4.695411
8    |*genblk1_4_middleBlocks|            1.256255|             2.851637|           0.588171|         4.696063
9    |*genblk1_5_middleBlocks|            1.256256|             2.852138|           0.588171|         4.696565
10   |*genblk1_6_middleBlocks|            1.256255|             2.852508|           0.588171|         4.696932
11   |*genblk1_7_middleBlocks|            1.256254|             2.853188|           0.588171|         4.697612
12   |                       |                    |                     |                   |                 
13   |*TOTAL                 |           10.247000|            23.070148|           4.799169|        38.116318
-----+-----------------------+--------------------+---------------------+-------------------+-----------------
