Report End Points: 
-----+-------+------+-------+------+------+-----+-----+-----------+---------------
     |Group  |Launch|Capture|Shift |Delay |Depth|Slack|Begin Point|End Point      
-----+-------+------+-------+------+------+-----+-----+-----------+---------------
1    |default|sysclk|sysclk |2000.0|1704.9|   35|103.5|n_reg[3]/Q |adder_reg[62]/D
2    |default|sysclk|sysclk |2000.0|1685.2|   36|115.3|n_reg[3]/Q |adder_reg[63]/D
3    |default|sysclk|sysclk |2000.0|1663.2|   34|145.2|n_reg[3]/Q |adder_reg[61]/D
-----+-------+------+-------+------+------+-----+-----+-----------+---------------
Report End Points: 
-----+-----+--------------+-------+------+------+-----+-----+-----------+---------------
     |Group|Launch        |Capture|Shift |Delay |Depth|Slack|Begin Point|End Point      
-----+-----+--------------+-------+------+------+-----+-----+-----------+---------------
1    |I2R  |rtDefaultClock|sysclk |2000.0|1654.2|   33|115.0|op2[18]    |adder_reg[62]/D
2    |I2R  |rtDefaultClock|sysclk |2000.0|1634.5|   34|126.8|op2[18]    |adder_reg[63]/D
3    |I2R  |rtDefaultClock|sysclk |2000.0|1612.5|   32|156.7|op2[18]    |adder_reg[61]/D
-----+-----+--------------+-------+------+------+-----+-----+-----------+---------------
Report End Points: 
-----+-----+------+-------+-----+-----+-----+-----+-----------+---------
     |Group|Launch|Capture|Shift|Delay|Depth|Slack|Begin Point|End Point
-----+-----+------+-------+-----+-----+-----+-----+-----------+---------
1    |I2O  |      |       |     |     |     |     |           |         
-----+-----+------+-------+-----+-----+-----+-----+-----------+---------
Report End Points: 
-----+-----+------+-------+------+-----+-----+------+-----------+---------
     |Group|Launch|Capture|Shift |Delay|Depth|Slack |Begin Point|End Point
-----+-----+------+-------+------+-----+-----+------+-----------+---------
1    |R2O  |sysclk|sysclk |2000.0|  0.6|    0|1387.5|P_reg[60]/Q|P[60]    
2    |R2O  |sysclk|sysclk |2000.0|  0.6|    0|1387.5|P_reg[59]/Q|P[59]    
3    |R2O  |sysclk|sysclk |2000.0|  0.6|    0|1387.6|P_reg[52]/Q|P[52]    
-----+-----+------+-------+------+-----+-----+------+-----------+---------
