Report for group default
------------------------------------------------------------------------------------------------------------------------------------------------------------
Startpoint: n_reg[3]/Q
    (Clocked by sysclk R)
Endpoint: adder_reg[62]/D
    (Clocked by sysclk R)
Path Group: default
Data required time: 1969.2
    (Clock shift: 2000.0, minus Uncertainty: 0.0, plus Latency 0.0, minus Setup time: 30.8)
Data arrival time: 1865.7
Slack: 103.5
Logic depth: 35
------------------------------------------------------------------------------------------------------------------------------------------------------------
                                                     Arrival               Arc      Net               Net    Total   fan-                                   
Path                     Module/Cell           Edge     Time    Delay    Delay    Delay     Slew     Load     Load    out     Location Power Domain      (V)
                                                        (ps)     (ps)     (ps)     (ps)     (ps)     (ff)     (ff)    (#)      (um,um)                      
------------------------------------------------------------------------------------------------------------------------------------------------------------
clk                      {create_clock}           r      0.0      0.0      0.0                        0.0      0.0      3    65,    0                       
clk_gate_adder_reg/CK->GCK
                         CLKGATETST_X1           rr      0.0      0.0      0.0      0.0      0.0      0.0      0.0     71    58,   57  /PD_TOP        (1.10)
n_reg[3]/CK->Q           DFF_X1*                 rr    160.8    160.8    160.8      0.0      0.0      3.9     67.4     12    58,   57  /PD_TOP        (1.10)
i_0_0_538/A1->ZN         NAND2_X4*               rf    205.7     44.9     44.8      0.1     15.3      3.8     67.3     11    58,   57  /PD_TOP        (1.10)
i_0_0_537/A->ZN          INV_X32                 fr    225.3     19.6     19.5      0.1     15.3      6.1     66.2     17    58,   57  /PD_TOP        (1.10)
i_0_0_536/B2->ZN         AOI22_X2                rf    244.2     18.9     18.7      0.2      9.9      0.4      2.0      1    58,   57  /PD_TOP        (1.10)
i_0_0_524/B3->ZN         OAI33_X1                fr    516.7    272.5    272.5      0.0     11.3      0.3     25.8      1    58,   57  /PD_TOP        (1.10)
i_0_0_523/A->ZN          INV_X8                  rf    504.8    -11.9    -11.9      0.0    240.8      0.3      4.2      1    58,   57  /PD_TOP        (1.10)
i_0_0_522/A4->ZN         NAND4_X4*               fr    544.9     40.1     40.1      0.0      3.4      1.0     34.6      3    58,   57  /PD_TOP        (1.10)
i_0_0_520/A2->ZN         AOI22_X4                rf    561.8     16.9     16.9      0.0     15.3      0.6      4.7      2    58,   57  /PD_TOP        (1.10)
i_0_0_500/A1->ZN         AND2_X4*                ff    632.3     70.5     70.5      0.0     12.5     11.8    147.2     32    58,   57  /PD_TOP        (1.10)
i_0_0_254/B2->ZN         AOI22_X4*               fr    716.2     83.9     83.4      0.5     15.3      1.0     34.6      3    58,   57  /PD_TOP        (1.10)
i_0_0_253/A->ZN          INV_X8                  rf    725.1      8.9      8.9      0.0     15.3      0.9     10.8      3    58,   57  /PD_TOP        (1.10)
i_0_0_157/B2->ZN         AOI22_X4                fr    796.7     71.6     71.6      0.0      4.2      0.3     25.8      1    58,   57  /PD_TOP        (1.10)
i_0_0_156/A->ZN          INV_X8                  rf    807.3     10.6     10.6      0.0     50.3      0.9     12.8      3    58,   57  /PD_TOP        (1.10)
i_0_14/i_434/A1->ZN      NAND2_X4*               fr    835.4     28.1     28.1      0.0      4.4      0.6     29.9      2    58,   57  /PD_TOP        (1.10)
i_0_14/i_433/A->ZN       INV_X8                  rf    842.3      6.9      6.9      0.0     15.3      0.3      4.4      1    58,   57  /PD_TOP        (1.10)
i_0_14/i_428/B1->ZN      OAI22_X4                fr    883.3     41.0     41.0      0.0      3.5      0.6      7.9      2    58,   57  /PD_TOP        (1.10)
i_0_14/i_427/A->ZN       OAI21_X4                rf    907.5     24.2     24.2      0.0     34.6      0.3      4.2      1    58,   57  /PD_TOP        (1.10)
i_0_14/i_426/A2->ZN      NAND2_X4                fr    929.2     21.7     21.7      0.0      9.4      0.9     12.0      3    58,   57  /PD_TOP        (1.10)
i_0_14/i_420/A3->ZN      NOR3_X4                 rf    941.5     12.3     12.3      0.0     13.6      0.3      4.2      1    58,   57  /PD_TOP        (1.10)
i_0_14/i_412/A4->ZN      NOR4_X4                 fr   1042.6    101.1    101.1      0.0      6.6      1.0     12.0      3    58,   57  /PD_TOP        (1.10)
i_0_14/i_406/A3->ZN      NOR3_X4                 rf   1060.4     17.8     17.8      0.0     61.3      0.3      4.2      1    58,   57  /PD_TOP        (1.10)
i_0_14/i_398/A4->ZN      NOR4_X4                 fr   1162.0    101.6    101.6      0.0      6.6      1.0     12.1      3    58,   57  /PD_TOP        (1.10)
i_0_14/i_392/A3->ZN      NOR3_X4                 rf   1179.8     17.8     17.8      0.0     61.7      0.3      4.2      1    58,   57  /PD_TOP        (1.10)
i_0_14/i_384/A4->ZN      NOR4_X4                 fr   1293.2    113.4    113.4      0.0      6.6      1.3     16.5      4    58,   57  /PD_TOP        (1.10)
i_0_14/i_345/A3->ZN      NOR3_X4                 rf   1311.2     18.0     18.0      0.0     72.2      0.3      4.2      1    58,   57  /PD_TOP        (1.10)
i_0_14/i_319/A3->ZN      NOR3_X4                 fr   1385.8     74.6     74.6      0.0      6.6      1.2     16.4      4    58,   57  /PD_TOP        (1.10)
i_0_14/i_283/A3->ZN      NOR3_X4                 rf   1403.3     17.5     17.5      0.0     49.3      0.3      4.2      1    58,   57  /PD_TOP        (1.10)
i_0_14/i_254/A3->ZN      NOR3_X4                 fr   1469.3     66.0     66.0      0.0      6.6      0.9     12.1      3    58,   57  /PD_TOP        (1.10)
i_0_14/i_248/A3->ZN      NOR3_X4                 rf   1486.6     17.3     17.3      0.0     41.6      0.3      4.2      1    58,   57  /PD_TOP        (1.10)
i_0_14/i_240/A4->ZN      NOR4_X4                 fr   1600.0    113.4    113.4      0.0      6.6      1.3     16.5      4    58,   57  /PD_TOP        (1.10)
i_0_14/i_224/A3->ZN      NOR3_X4                 rf   1618.0     18.0     18.0      0.0     72.2      0.3      4.2      1    58,   57  /PD_TOP        (1.10)
i_0_14/i_208/A4->ZN      NOR4_X4                 fr   1707.8     89.8     89.8      0.0      6.6      0.6      7.8      2    58,   57  /PD_TOP        (1.10)
i_0_14/i_206/B1->ZN      AOI21_X4*               rf   1751.7     43.9     43.9      0.0     51.2      1.0     34.1      3    58,   57  /PD_TOP        (1.10)
i_0_14/i_193/B1->ZN      AOI22_X4                fr   1795.2     43.5     43.5      0.0     15.3      0.3      4.0      1    58,   57  /PD_TOP        (1.10)
i_0_14/i_192/B->ZN       XNOR2_X2                rr   1836.3     41.1     41.1      0.0     24.5      0.3      2.5      1    58,   57  /PD_TOP        (1.10)
i_0_0_130/A2->ZN         AND2_X4                 rr   1865.7     29.4     29.4      0.0     19.2      0.3      1.4      1    58,   57  /PD_TOP        (1.10)
adder_reg[62]/D          DFF_X1                   r   1865.7      0.0               0.0      6.3                             58,   57  /PD_TOP        (1.10)
------------------------------------------------------------------------------------------------------------------------------------------------------------
Report for group I2R
------------------------------------------------------------------------------------------------------------------------------------------------------------
Startpoint: op2[18]
    (Clocked by rtDefaultClock R)
Endpoint: adder_reg[62]/D
    (Clocked by sysclk R)
Path Group: I2R
Data required time: 1969.2
    (Clock shift: 2000.0, minus Uncertainty: 0.0, plus Latency 0.0, minus Setup time: 30.8)
Data arrival time: 1854.2
Slack: 115.0
Logic depth: 33
------------------------------------------------------------------------------------------------------------------------------------------------------------
                                                     Arrival               Arc      Net               Net    Total   fan-                                   
Path                     Module/Cell           Edge     Time    Delay    Delay    Delay     Slew     Load     Load    out     Location Power Domain      (V)
                                                        (ps)     (ps)     (ps)     (ps)     (ps)     (ff)     (ff)    (#)      (um,um)                      
------------------------------------------------------------------------------------------------------------------------------------------------------------
op2[18]                  {set_input_delay}        r    200.0    200.0    200.0                        3.5      7.3      1   116,   54                       
i_0_0_536/B1->ZN         AOI22_X2                rf    232.7     32.2     32.2      0.0    100.0      0.4      2.0      1    58,   57  /PD_TOP        (1.10)
i_0_0_524/B3->ZN         OAI33_X1                fr    505.2    272.5    272.5      0.0     11.3      0.3     25.8      1    58,   57  /PD_TOP        (1.10)
i_0_0_523/A->ZN          INV_X8                  rf    493.3    -11.9    -11.9      0.0    240.8      0.3      4.2      1    58,   57  /PD_TOP        (1.10)
i_0_0_522/A4->ZN         NAND4_X4*               fr    533.4     40.1     40.1      0.0      3.4      1.0     34.6      3    58,   57  /PD_TOP        (1.10)
i_0_0_520/A2->ZN         AOI22_X4                rf    550.3     16.9     16.9      0.0     15.3      0.6      4.7      2    58,   57  /PD_TOP        (1.10)
i_0_0_500/A1->ZN         AND2_X4*                ff    620.8     70.5     70.5      0.0     12.5     11.8    147.2     32    58,   57  /PD_TOP        (1.10)
i_0_0_254/B2->ZN         AOI22_X4*               fr    704.7     83.9     83.4      0.5     15.3      1.0     34.6      3    58,   57  /PD_TOP        (1.10)
i_0_0_253/A->ZN          INV_X8                  rf    713.6      8.9      8.9      0.0     15.3      0.9     10.8      3    58,   57  /PD_TOP        (1.10)
i_0_0_157/B2->ZN         AOI22_X4                fr    785.2     71.6     71.6      0.0      4.2      0.3     25.8      1    58,   57  /PD_TOP        (1.10)
i_0_0_156/A->ZN          INV_X8                  rf    795.8     10.6     10.6      0.0     50.3      0.9     12.8      3    58,   57  /PD_TOP        (1.10)
i_0_14/i_434/A1->ZN      NAND2_X4*               fr    823.9     28.1     28.1      0.0      4.4      0.6     29.9      2    58,   57  /PD_TOP        (1.10)
i_0_14/i_433/A->ZN       INV_X8                  rf    830.8      6.9      6.9      0.0     15.3      0.3      4.4      1    58,   57  /PD_TOP        (1.10)
i_0_14/i_428/B1->ZN      OAI22_X4                fr    871.8     41.0     41.0      0.0      3.5      0.6      7.9      2    58,   57  /PD_TOP        (1.10)
i_0_14/i_427/A->ZN       OAI21_X4                rf    896.0     24.2     24.2      0.0     34.6      0.3      4.2      1    58,   57  /PD_TOP        (1.10)
i_0_14/i_426/A2->ZN      NAND2_X4                fr    917.7     21.7     21.7      0.0      9.4      0.9     12.0      3    58,   57  /PD_TOP        (1.10)
i_0_14/i_420/A3->ZN      NOR3_X4                 rf    930.0     12.3     12.3      0.0     13.6      0.3      4.2      1    58,   57  /PD_TOP        (1.10)
i_0_14/i_412/A4->ZN      NOR4_X4                 fr   1031.1    101.1    101.1      0.0      6.6      1.0     12.0      3    58,   57  /PD_TOP        (1.10)
i_0_14/i_406/A3->ZN      NOR3_X4                 rf   1048.9     17.8     17.8      0.0     61.3      0.3      4.2      1    58,   57  /PD_TOP        (1.10)
i_0_14/i_398/A4->ZN      NOR4_X4                 fr   1150.5    101.6    101.6      0.0      6.6      1.0     12.1      3    58,   57  /PD_TOP        (1.10)
i_0_14/i_392/A3->ZN      NOR3_X4                 rf   1168.3     17.8     17.8      0.0     61.7      0.3      4.2      1    58,   57  /PD_TOP        (1.10)
i_0_14/i_384/A4->ZN      NOR4_X4                 fr   1281.7    113.4    113.4      0.0      6.6      1.3     16.5      4    58,   57  /PD_TOP        (1.10)
i_0_14/i_345/A3->ZN      NOR3_X4                 rf   1299.7     18.0     18.0      0.0     72.2      0.3      4.2      1    58,   57  /PD_TOP        (1.10)
i_0_14/i_319/A3->ZN      NOR3_X4                 fr   1374.3     74.6     74.6      0.0      6.6      1.2     16.4      4    58,   57  /PD_TOP        (1.10)
i_0_14/i_283/A3->ZN      NOR3_X4                 rf   1391.8     17.5     17.5      0.0     49.3      0.3      4.2      1    58,   57  /PD_TOP        (1.10)
i_0_14/i_254/A3->ZN      NOR3_X4                 fr   1457.8     66.0     66.0      0.0      6.6      0.9     12.1      3    58,   57  /PD_TOP        (1.10)
i_0_14/i_248/A3->ZN      NOR3_X4                 rf   1475.1     17.3     17.3      0.0     41.6      0.3      4.2      1    58,   57  /PD_TOP        (1.10)
i_0_14/i_240/A4->ZN      NOR4_X4                 fr   1588.5    113.4    113.4      0.0      6.6      1.3     16.5      4    58,   57  /PD_TOP        (1.10)
i_0_14/i_224/A3->ZN      NOR3_X4                 rf   1606.5     18.0     18.0      0.0     72.2      0.3      4.2      1    58,   57  /PD_TOP        (1.10)
i_0_14/i_208/A4->ZN      NOR4_X4                 fr   1696.3     89.8     89.8      0.0      6.6      0.6      7.8      2    58,   57  /PD_TOP        (1.10)
i_0_14/i_206/B1->ZN      AOI21_X4*               rf   1740.2     43.9     43.9      0.0     51.2      1.0     34.1      3    58,   57  /PD_TOP        (1.10)
i_0_14/i_193/B1->ZN      AOI22_X4                fr   1783.7     43.5     43.5      0.0     15.3      0.3      4.0      1    58,   57  /PD_TOP        (1.10)
i_0_14/i_192/B->ZN       XNOR2_X2                rr   1824.8     41.1     41.1      0.0     24.5      0.3      2.5      1    58,   57  /PD_TOP        (1.10)
i_0_0_130/A2->ZN         AND2_X4                 rr   1854.2     29.4     29.4      0.0     19.2      0.3      1.4      1    58,   57  /PD_TOP        (1.10)
adder_reg[62]/D          DFF_X1                   r   1854.2      0.5               0.5      6.3                             58,   57  /PD_TOP        (1.10)
------------------------------------------------------------------------------------------------------------------------------------------------------------
Report for group I2O
Report for group R2O
------------------------------------------------------------------------------------------------------------------------------------------------------------
Startpoint: P_reg[60]/Q
    (Clocked by sysclk R)
Endpoint: P[60]
    (Clocked by sysclk R)
Path Group: R2O
Data required time: 1500.0
    (Clock shift: 2000.0, minus Uncertainty: 0.0, plus Latency 0.0, minus Out delay: 500.0)
Data arrival time: 112.5
Slack: 1387.5
Logic depth: 0
------------------------------------------------------------------------------------------------------------------------------------------------------------
                                                     Arrival               Arc      Net               Net    Total   fan-                                   
Path                     Module/Cell           Edge     Time    Delay    Delay    Delay     Slew     Load     Load    out     Location Power Domain      (V)
                                                        (ps)     (ps)     (ps)     (ps)     (ps)     (ff)     (ff)    (#)      (um,um)                      
------------------------------------------------------------------------------------------------------------------------------------------------------------
clk                      {create_clock}           r      0.0      0.0      0.0                        0.0      0.0      3    65,    0                       
clk_gate_P_reg/CK->GCK   CLKGATETST_X1           rr      0.0      0.0      0.0      0.0      0.0      0.0      0.0     64    58,   57  /PD_TOP        (1.10)
P_reg[60]/CK->Q          DFF_X1                  rr    111.9    111.9    111.9      0.0      0.0      3.8     13.8      1    58,   57  /PD_TOP        (1.10)
P[60]                                             r    112.5      0.6               0.6     34.3                            116,   49                       
------------------------------------------------------------------------------------------------------------------------------------------------------------
