warning: No library characterized for (process = 1.00 voltage = 0.85 temperature = 25.00) can be found in the database for power domain '/PD_TOP'  [NL-174]
Report Power (instances with prefix '*' are included in total) : 
-----+-----------------------+--------------------+---------------------+-------------------+-----------------
     | Instance              | Internal Power(uw) | Switching Power(uw) | Leakage Power(uw) | Total Power(uw) 
-----+-----------------------+--------------------+---------------------+-------------------+-----------------
1    |*initialBlock          |            2.406665|             4.869444|           1.131250|         8.407358
2    |*finalBlock            |            2.408376|             4.876827|           1.131250|         8.416452
3    |*i_0_0_0               |            0.086857|             0.068164|           0.036164|         0.191185
4    |*i_0_0_1               |            0.081238|             0.067021|           0.036441|         0.184700
5    |*i_0_0_2               |            0.025975|             0.140301|           0.021200|         0.187475
6    |*genblk1_2_middleBlocks|            2.409615|             4.875588|           1.131250|         8.416453
7    |*genblk1_3_middleBlocks|            2.409556|             4.877754|           1.131250|         8.418560
8    |                       |                    |                     |                   |                 
9    |*TOTAL                 |            9.828281|            19.775101|           4.618804|        34.222183
-----+-----------------------+--------------------+---------------------+-------------------+-----------------
