warning: No library characterized for (process = 1.00 voltage = 0.85 temperature = 25.00) can be found in the database for power domain '/PD_TOP'  [NL-174]
Report Power (instances with prefix '*' are included in total) : 
-----+-----------------------+--------------------+---------------------+-------------------+-----------------
     | Instance              | Internal Power(uw) | Switching Power(uw) | Leakage Power(uw) | Total Power(uw) 
-----+-----------------------+--------------------+---------------------+-------------------+-----------------
1    |*initialBlock          |            2.406083|             4.835813|           1.131250|         8.373146
2    |*finalBlock            |            2.387144|             4.877404|           1.131250|         8.395798
3    |*i_0_0_0               |            0.086857|             0.068164|           0.036164|         0.191185
4    |*i_0_0_1               |            0.081261|             0.067021|           0.036441|         0.184723
5    |*i_0_0_2               |            0.025977|             0.139299|           0.021200|         0.186475
6    |*genblk1_2_middleBlocks|            2.387689|             4.841787|           1.131250|         8.360726
7    |*genblk1_3_middleBlocks|            2.387706|             4.843727|           1.131250|         8.362683
8    |                       |                    |                     |                   |                 
9    |*TOTAL                 |            9.762717|            19.673214|           4.618804|        34.054737
-----+-----------------------+--------------------+---------------------+-------------------+-----------------
