Report Instance Areas: 
-----+----------------+------------------+-----+---------
     |Instance        |Module            |Cells|Cell Area
-----+----------------+------------------+-----+---------
1    |top             |                  |  350|      434
2    |  f1            |fulladder__0_70   |    2|        3
3    |  ff0           |fulladder__0_73   |    2|        3
4    |  mux_carry     |multiplexer2__0_5 |    1|        2
5    |  genblk1_1_f   |fulladder__0_76   |    5|        6
6    |  genblk1_2_f   |fulladder__0_79   |    5|        6
7    |  genblk1_3_f   |fulladder__0_82   |    5|        6
8    |  genblk1_4_f   |fulladder__0_85   |    5|        6
9    |  genblk1_5_f   |fulladder__0_88   |    5|        6
10   |  genblk1_6_f   |fulladder__0_91   |    5|        6
11   |  genblk1_7_f   |fulladder__0_94   |    5|        6
12   |  genblk1_8_f   |fulladder__0_97   |    5|        6
13   |  genblk1_9_f   |fulladder__0_100  |    5|        6
14   |  genblk1_10_f  |fulladder__0_103  |    5|        6
15   |  genblk1_11_f  |fulladder__0_106  |    5|        6
16   |  genblk1_12_f  |fulladder__0_109  |    5|        6
17   |  genblk1_13_f  |fulladder__0_112  |    5|        6
18   |  genblk1_14_f  |fulladder__0_115  |    5|        6
19   |  genblk1_15_f  |fulladder__0_118  |    5|        6
20   |  genblk1_16_f  |fulladder__0_121  |    5|        6
21   |  genblk1_17_f  |fulladder__0_124  |    5|        6
22   |  genblk1_18_f  |fulladder__0_127  |    5|        6
23   |  genblk1_19_f  |fulladder__0_130  |    5|        6
24   |  genblk1_20_f  |fulladder__0_133  |    5|        6
25   |  genblk1_21_f  |fulladder__0_136  |    5|        6
26   |  genblk1_22_f  |fulladder__0_139  |    5|        6
27   |  genblk1_23_f  |fulladder__0_142  |    5|        6
28   |  genblk1_24_f  |fulladder__0_145  |    5|        6
29   |  genblk1_25_f  |fulladder__0_148  |    5|        6
30   |  genblk1_26_f  |fulladder__0_151  |    5|        6
31   |  genblk1_27_f  |fulladder__0_154  |    5|        6
32   |  genblk1_28_f  |fulladder__0_157  |    5|        6
33   |  genblk1_29_f  |fulladder__0_160  |    5|        6
34   |  genblk1_30_f  |fulladder__0_163  |    5|        6
35   |  genblk1_31_f  |fulladder__0_166  |    5|        6
36   |  genblk2_1_ff1 |fulladder__0_169  |    5|        6
37   |  genblk2_2_ff1 |fulladder__0_172  |    5|        6
38   |  genblk2_3_ff1 |fulladder__0_175  |    5|        6
39   |  genblk2_4_ff1 |fulladder__0_178  |    5|        6
40   |  genblk2_5_ff1 |fulladder__0_181  |    5|        6
41   |  genblk2_6_ff1 |fulladder__0_184  |    5|        6
42   |  genblk2_7_ff1 |fulladder__0_187  |    5|        6
43   |  genblk2_8_ff1 |fulladder__0_190  |    5|        6
44   |  genblk2_9_ff1 |fulladder__0_193  |    5|        6
45   |  genblk2_10_ff1|fulladder__0_196  |    5|        6
46   |  genblk2_11_ff1|fulladder__0_199  |    5|        6
47   |  genblk2_12_ff1|fulladder__0_202  |    5|        6
48   |  genblk2_13_ff1|fulladder__0_205  |    5|        6
49   |  genblk2_14_ff1|fulladder__0_208  |    5|        6
50   |  genblk2_15_ff1|fulladder__0_211  |    5|        6
51   |  genblk2_16_ff1|fulladder__0_214  |    5|        6
52   |  genblk2_17_ff1|fulladder__0_217  |    5|        6
53   |  genblk2_18_ff1|fulladder__0_220  |    5|        6
54   |  genblk2_19_ff1|fulladder__0_223  |    5|        6
55   |  genblk2_20_ff1|fulladder__0_226  |    5|        6
56   |  genblk2_21_ff1|fulladder__0_229  |    5|        6
57   |  genblk2_22_ff1|fulladder__0_232  |    5|        6
58   |  genblk2_23_ff1|fulladder__0_235  |    5|        6
59   |  genblk2_24_ff1|fulladder__0_238  |    5|        6
60   |  genblk2_25_ff1|fulladder__0_241  |    5|        6
61   |  genblk2_26_ff1|fulladder__0_244  |    5|        6
62   |  genblk2_27_ff1|fulladder__0_247  |    5|        6
63   |  genblk2_28_ff1|fulladder__0_250  |    5|        6
64   |  genblk2_29_ff1|fulladder__0_253  |    5|        6
65   |  genblk2_30_ff1|fulladder__0_256  |    5|        6
66   |  genblk2_31_ff1|fulladder         |    5|        6
67   |  genblk3_0_m   |multiplexer2__0_7 |    1|        2
68   |  genblk3_1_m   |multiplexer2__0_9 |    1|        2
69   |  genblk3_2_m   |multiplexer2__0_11|    1|        2
70   |  genblk3_3_m   |multiplexer2__0_13|    1|        2
71   |  genblk3_4_m   |multiplexer2__0_15|    1|        2
72   |  genblk3_5_m   |multiplexer2__0_17|    1|        2
73   |  genblk3_6_m   |multiplexer2__0_19|    1|        2
74   |  genblk3_7_m   |multiplexer2__0_21|    1|        2
75   |  genblk3_8_m   |multiplexer2__0_23|    1|        2
76   |  genblk3_9_m   |multiplexer2__0_25|    1|        2
77   |  genblk3_10_m  |multiplexer2__0_27|    1|        2
78   |  genblk3_11_m  |multiplexer2__0_29|    1|        2
79   |  genblk3_12_m  |multiplexer2__0_31|    1|        2
80   |  genblk3_13_m  |multiplexer2__0_33|    1|        2
81   |  genblk3_14_m  |multiplexer2__0_35|    1|        2
82   |  genblk3_15_m  |multiplexer2__0_37|    1|        2
83   |  genblk3_16_m  |multiplexer2__0_39|    1|        2
84   |  genblk3_17_m  |multiplexer2__0_41|    1|        2
85   |  genblk3_18_m  |multiplexer2__0_43|    1|        2
86   |  genblk3_19_m  |multiplexer2__0_45|    1|        2
87   |  genblk3_20_m  |multiplexer2__0_47|    1|        2
88   |  genblk3_21_m  |multiplexer2__0_49|    1|        2
89   |  genblk3_22_m  |multiplexer2__0_51|    1|        2
90   |  genblk3_23_m  |multiplexer2__0_53|    1|        2
91   |  genblk3_24_m  |multiplexer2__0_55|    1|        2
92   |  genblk3_25_m  |multiplexer2__0_57|    1|        2
93   |  genblk3_26_m  |multiplexer2__0_59|    1|        2
94   |  genblk3_27_m  |multiplexer2__0_61|    1|        2
95   |  genblk3_28_m  |multiplexer2__0_63|    1|        2
96   |  genblk3_29_m  |multiplexer2__0_65|    1|        2
97   |  genblk3_30_m  |multiplexer2__0_67|    1|        2
98   |  genblk3_31_m  |multiplexer2      |    1|        2
-----+----------------+------------------+-----+---------
