Report for group default
Report for group I2R
Report for group I2O
------------------------------------------------------------------------------------------------------------------------------------------------------------
Startpoint: B[0]
    (Clocked by vsysclk R)
Endpoint: OF
    (Clocked by vsysclk R)
Path Group: I2O
Data required time: 19500.0
    (Clock shift: 20000.0, minus Uncertainty: 0.0, plus Latency 0.0, minus Out delay: 500.0)
Data arrival time: 2352.4
Slack: 17147.6
Logic depth: 67
------------------------------------------------------------------------------------------------------------------------------------------------------------
                                                     Arrival               Arc      Net               Net    Total   fan-                                   
Path                     Module/Cell           Edge     Time    Delay    Delay    Delay     Slew     Load     Load    out     Location Power Domain      (V)
                                                        (ps)     (ps)     (ps)     (ps)     (ps)     (ff)     (ff)    (#)      (um,um)                      
------------------------------------------------------------------------------------------------------------------------------------------------------------
B[0]                     {set_input_delay}        r   1000.0   1000.0   1000.0                        2.5     14.0      4    43,    0                       
ff0/i_0_1/A1->ZN         AND2_X4                 rr   1050.9     50.9     50.7      0.2    100.0      0.8     11.7      3    43,   43  /PD_TOP        (1.10)
genblk1_1_f/i_0_1/B1->ZN OAI21_X4                rf   1065.4     14.5     14.5      0.0     11.7      0.3      4.2      1    43,   43  /PD_TOP        (1.10)
genblk1_1_f/i_0_0/A2->ZN NAND2_X4                fr   1086.9     21.5     21.5      0.0      9.4      0.8     11.7      3    43,   43  /PD_TOP        (1.10)
genblk1_2_f/i_0_1/B1->ZN OAI21_X4                rf   1102.0     15.1     15.1      0.0     13.4      0.3      4.2      1    43,   43  /PD_TOP        (1.10)
genblk1_2_f/i_0_0/A2->ZN NAND2_X4                fr   1123.5     21.5     21.5      0.0      9.4      0.8     11.7      3    43,   43  /PD_TOP        (1.10)
genblk1_3_f/i_0_1/B1->ZN OAI21_X4                rf   1138.6     15.1     15.1      0.0     13.4      0.3      4.2      1    43,   43  /PD_TOP        (1.10)
genblk1_3_f/i_0_0/A2->ZN NAND2_X4                fr   1160.1     21.5     21.5      0.0      9.4      0.8     11.7      3    43,   43  /PD_TOP        (1.10)
genblk1_4_f/i_0_1/B1->ZN OAI21_X4                rf   1175.2     15.1     15.1      0.0     13.4      0.3      4.2      1    43,   43  /PD_TOP        (1.10)
genblk1_4_f/i_0_0/A2->ZN NAND2_X4                fr   1196.7     21.5     21.5      0.0      9.4      0.8     11.7      3    43,   43  /PD_TOP        (1.10)
genblk1_5_f/i_0_1/B1->ZN OAI21_X4                rf   1211.8     15.1     15.1      0.0     13.4      0.3      4.2      1    43,   43  /PD_TOP        (1.10)
genblk1_5_f/i_0_0/A2->ZN NAND2_X4                fr   1233.3     21.5     21.5      0.0      9.4      0.8     11.7      3    43,   43  /PD_TOP        (1.10)
genblk1_6_f/i_0_1/B1->ZN OAI21_X4                rf   1248.4     15.1     15.1      0.0     13.4      0.3      4.2      1    43,   43  /PD_TOP        (1.10)
genblk1_6_f/i_0_0/A2->ZN NAND2_X4                fr   1269.9     21.5     21.5      0.0      9.4      0.8     11.7      3    43,   43  /PD_TOP        (1.10)
genblk1_7_f/i_0_1/B1->ZN OAI21_X4                rf   1285.0     15.1     15.1      0.0     13.4      0.3      4.2      1    43,   43  /PD_TOP        (1.10)
genblk1_7_f/i_0_0/A2->ZN NAND2_X4                fr   1306.5     21.5     21.5      0.0      9.4      0.8     11.7      3    43,   43  /PD_TOP        (1.10)
genblk1_8_f/i_0_1/B1->ZN OAI21_X4                rf   1321.6     15.1     15.1      0.0     13.4      0.3      4.2      1    43,   43  /PD_TOP        (1.10)
genblk1_8_f/i_0_0/A2->ZN NAND2_X4                fr   1343.1     21.5     21.5      0.0      9.4      0.8     11.7      3    43,   43  /PD_TOP        (1.10)
genblk1_9_f/i_0_1/B1->ZN OAI21_X4                rf   1358.2     15.1     15.1      0.0     13.4      0.3      4.2      1    43,   43  /PD_TOP        (1.10)
genblk1_9_f/i_0_0/A2->ZN NAND2_X4                fr   1379.7     21.5     21.5      0.0      9.4      0.8     11.7      3    43,   43  /PD_TOP        (1.10)
genblk1_10_f/i_0_1/B1->ZN
                         OAI21_X4                rf   1394.8     15.1     15.1      0.0     13.4      0.3      4.2      1    43,   43  /PD_TOP        (1.10)
genblk1_10_f/i_0_0/A2->ZN
                         NAND2_X4                fr   1416.3     21.5     21.5      0.0      9.4      0.8     11.7      3    43,   43  /PD_TOP        (1.10)
genblk1_11_f/i_0_1/B1->ZN
                         OAI21_X4                rf   1431.4     15.1     15.1      0.0     13.4      0.3      4.2      1    43,   43  /PD_TOP        (1.10)
genblk1_11_f/i_0_0/A2->ZN
                         NAND2_X4                fr   1452.9     21.5     21.5      0.0      9.4      0.8     11.7      3    43,   43  /PD_TOP        (1.10)
genblk1_12_f/i_0_1/B1->ZN
                         OAI21_X4                rf   1468.0     15.1     15.1      0.0     13.4      0.3      4.2      1    43,   43  /PD_TOP        (1.10)
genblk1_12_f/i_0_0/A2->ZN
                         NAND2_X4                fr   1489.5     21.5     21.5      0.0      9.4      0.8     11.7      3    43,   43  /PD_TOP        (1.10)
genblk1_13_f/i_0_1/B1->ZN
                         OAI21_X4                rf   1504.6     15.1     15.1      0.0     13.4      0.3      4.2      1    43,   43  /PD_TOP        (1.10)
genblk1_13_f/i_0_0/A2->ZN
                         NAND2_X4                fr   1526.1     21.5     21.5      0.0      9.4      0.8     11.7      3    43,   43  /PD_TOP        (1.10)
genblk1_14_f/i_0_1/B1->ZN
                         OAI21_X4                rf   1541.2     15.1     15.1      0.0     13.4      0.3      4.2      1    43,   43  /PD_TOP        (1.10)
genblk1_14_f/i_0_0/A2->ZN
                         NAND2_X4                fr   1562.7     21.5     21.5      0.0      9.4      0.8     11.7      3    43,   43  /PD_TOP        (1.10)
genblk1_15_f/i_0_1/B1->ZN
                         OAI21_X4                rf   1577.8     15.1     15.1      0.0     13.4      0.3      4.2      1    43,   43  /PD_TOP        (1.10)
genblk1_15_f/i_0_0/A2->ZN
                         NAND2_X4                fr   1599.3     21.5     21.5      0.0      9.4      0.8     11.7      3    43,   43  /PD_TOP        (1.10)
genblk1_16_f/i_0_1/B1->ZN
                         OAI21_X4                rf   1614.4     15.1     15.1      0.0     13.4      0.3      4.2      1    43,   43  /PD_TOP        (1.10)
genblk1_16_f/i_0_0/A2->ZN
                         NAND2_X4                fr   1635.9     21.5     21.5      0.0      9.4      0.8     11.7      3    43,   43  /PD_TOP        (1.10)
genblk1_17_f/i_0_1/B1->ZN
                         OAI21_X4                rf   1651.0     15.1     15.1      0.0     13.4      0.3      4.2      1    43,   43  /PD_TOP        (1.10)
genblk1_17_f/i_0_0/A2->ZN
                         NAND2_X4                fr   1672.5     21.5     21.5      0.0      9.4      0.8     11.7      3    43,   43  /PD_TOP        (1.10)
genblk1_18_f/i_0_1/B1->ZN
                         OAI21_X4                rf   1687.6     15.1     15.1      0.0     13.4      0.3      4.2      1    43,   43  /PD_TOP        (1.10)
genblk1_18_f/i_0_0/A2->ZN
                         NAND2_X4                fr   1709.1     21.5     21.5      0.0      9.4      0.8     11.7      3    43,   43  /PD_TOP        (1.10)
genblk1_19_f/i_0_1/B1->ZN
                         OAI21_X4                rf   1724.2     15.1     15.1      0.0     13.4      0.3      4.2      1    43,   43  /PD_TOP        (1.10)
genblk1_19_f/i_0_0/A2->ZN
                         NAND2_X4                fr   1745.7     21.5     21.5      0.0      9.4      0.8     11.7      3    43,   43  /PD_TOP        (1.10)
genblk1_20_f/i_0_1/B1->ZN
                         OAI21_X4                rf   1760.8     15.1     15.1      0.0     13.4      0.3      4.2      1    43,   43  /PD_TOP        (1.10)
genblk1_20_f/i_0_0/A2->ZN
                         NAND2_X4                fr   1782.3     21.5     21.5      0.0      9.4      0.8     11.7      3    43,   43  /PD_TOP        (1.10)
genblk1_21_f/i_0_1/B1->ZN
                         OAI21_X4                rf   1797.4     15.1     15.1      0.0     13.4      0.3      4.2      1    43,   43  /PD_TOP        (1.10)
genblk1_21_f/i_0_0/A2->ZN
                         NAND2_X4                fr   1818.9     21.5     21.5      0.0      9.4      0.8     11.7      3    43,   43  /PD_TOP        (1.10)
genblk1_22_f/i_0_1/B1->ZN
                         OAI21_X4                rf   1834.0     15.1     15.1      0.0     13.4      0.3      4.2      1    43,   43  /PD_TOP        (1.10)
genblk1_22_f/i_0_0/A2->ZN
                         NAND2_X4                fr   1855.5     21.5     21.5      0.0      9.4      0.8     11.7      3    43,   43  /PD_TOP        (1.10)
genblk1_23_f/i_0_1/B1->ZN
                         OAI21_X4                rf   1870.6     15.1     15.1      0.0     13.4      0.3      4.2      1    43,   43  /PD_TOP        (1.10)
genblk1_23_f/i_0_0/A2->ZN
                         NAND2_X4                fr   1892.1     21.5     21.5      0.0      9.4      0.8     11.7      3    43,   43  /PD_TOP        (1.10)
genblk1_24_f/i_0_1/B1->ZN
                         OAI21_X4                rf   1907.2     15.1     15.1      0.0     13.4      0.3      4.2      1    43,   43  /PD_TOP        (1.10)
genblk1_24_f/i_0_0/A2->ZN
                         NAND2_X4                fr   1928.7     21.5     21.5      0.0      9.4      0.8     11.7      3    43,   43  /PD_TOP        (1.10)
genblk1_25_f/i_0_1/B1->ZN
                         OAI21_X4                rf   1943.8     15.1     15.1      0.0     13.4      0.3      4.2      1    43,   43  /PD_TOP        (1.10)
genblk1_25_f/i_0_0/A2->ZN
                         NAND2_X4                fr   1965.3     21.5     21.5      0.0      9.4      0.8     11.7      3    43,   43  /PD_TOP        (1.10)
genblk1_26_f/i_0_1/B1->ZN
                         OAI21_X4                rf   1980.4     15.1     15.1      0.0     13.4      0.3      4.2      1    43,   43  /PD_TOP        (1.10)
genblk1_26_f/i_0_0/A2->ZN
                         NAND2_X4                fr   2001.9     21.5     21.5      0.0      9.4      0.8     11.7      3    43,   43  /PD_TOP        (1.10)
genblk1_27_f/i_0_1/B1->ZN
                         OAI21_X4                rf   2017.0     15.1     15.1      0.0     13.4      0.3      4.2      1    43,   43  /PD_TOP        (1.10)
genblk1_27_f/i_0_0/A2->ZN
                         NAND2_X4                fr   2038.5     21.5     21.5      0.0      9.4      0.8     11.7      3    43,   43  /PD_TOP        (1.10)
genblk1_28_f/i_0_1/B1->ZN
                         OAI21_X4                rf   2053.6     15.1     15.1      0.0     13.4      0.3      4.2      1    43,   43  /PD_TOP        (1.10)
genblk1_28_f/i_0_0/A2->ZN
                         NAND2_X4                fr   2075.1     21.5     21.5      0.0      9.4      0.8     11.7      3    43,   43  /PD_TOP        (1.10)
genblk1_29_f/i_0_1/B1->ZN
                         OAI21_X4                rf   2090.2     15.1     15.1      0.0     13.4      0.3      4.2      1    43,   43  /PD_TOP        (1.10)
genblk1_29_f/i_0_0/A2->ZN
                         NAND2_X4                fr   2111.7     21.5     21.5      0.0      9.4      0.8     11.7      3    43,   43  /PD_TOP        (1.10)
genblk1_30_f/i_0_1/B1->ZN
                         OAI21_X4                rf   2126.8     15.1     15.1      0.0     13.4      0.3      4.2      1    43,   43  /PD_TOP        (1.10)
genblk1_30_f/i_0_0/A2->ZN
                         NAND2_X4                fr   2148.3     21.5     21.5      0.0      9.4      0.8     11.7      3    43,   43  /PD_TOP        (1.10)
genblk1_31_f/i_0_3/A->ZN XNOR2_X2                rr   2187.7     39.4     39.4      0.0     13.4      0.3      4.0      1    43,   43  /PD_TOP        (1.10)
genblk1_31_f/i_0_2/B->ZN XNOR2_X2                rr   2227.1     39.4     39.4      0.0     22.6      0.3      1.6      1    43,   43  /PD_TOP        (1.10)
i_0_0_36/A->Z            MUX2_X2                 rr   2291.8     64.7     64.7      0.0     17.0      0.6     21.1      3    43,   43  /PD_TOP        (1.10)
i_0_0_2/A->ZN            OAI21_X4                rf   2327.5     35.7     35.7      0.0     28.5      0.3     25.7      1    43,   43  /PD_TOP        (1.10)
i_0_0_1/A->ZN            INV_X8                  fr   2341.1     13.6     13.6      0.0     18.6      0.3      4.4      1    43,   43  /PD_TOP        (1.10)
i_0_0_0/A2->ZN           NOR2_X4                 rf   2352.1     11.0     11.0      0.0      5.3      2.6     12.6      1    43,   43  /PD_TOP        (1.10)
OF                                                f   2352.4      0.3               0.3      7.5                             87,   45                       
------------------------------------------------------------------------------------------------------------------------------------------------------------
Report for group R2O
