Report End Points: 
-----+-------+------+-------+-----+-----+-----+-----+-----------+---------
     |Group  |Launch|Capture|Shift|Delay|Depth|Slack|Begin Point|End Point
-----+-------+------+-------+-----+-----+-----+-----+-----------+---------
1    |default|      |       |     |     |     |     |           |         
-----+-------+------+-------+-----+-----+-----+-----+-----------+---------
Report End Points: 
-----+-----+------+-------+-----+-----+-----+-----+-----------+---------
     |Group|Launch|Capture|Shift|Delay|Depth|Slack|Begin Point|End Point
-----+-----+------+-------+-----+-----+-----+-----+-----------+---------
1    |I2R  |      |       |     |     |     |     |           |         
-----+-----+------+-------+-----+-----+-----+-----+-----------+---------
Report End Points: 
-----+-----+-------+-------+-------+------+-----+-------+-----------+------------
     |Group|Launch |Capture|Shift  |Delay |Depth|Slack  |Begin Point|End Point   
-----+-----+-------+-------+-------+------+-----+-------+-----------+------------
1    |I2O  |vsysclk|vsysclk|20000.0|1210.8|   62|17289.2|i_add2[0]  |o_result[31]
2    |I2O  |vsysclk|vsysclk|20000.0|1172.9|   60|17327.1|i_add2[0]  |o_result[30]
3    |I2O  |vsysclk|vsysclk|20000.0|1135.0|   58|17365.0|i_add2[0]  |o_result[29]
-----+-----+-------+-------+-------+------+-----+-------+-----------+------------
Report End Points: 
-----+-----+------+-------+-----+-----+-----+-----+-----------+---------
     |Group|Launch|Capture|Shift|Delay|Depth|Slack|Begin Point|End Point
-----+-----+------+-------+-----+-----+-----+-----+-----------+---------
1    |R2O  |      |       |     |     |     |     |           |         
-----+-----+------+-------+-----+-----+-----+-----+-----------+---------
