Report End Points: 
-----+-------+------+-------+-----+-----+-----+-----+-----------+---------
     |Group  |Launch|Capture|Shift|Delay|Depth|Slack|Begin Point|End Point
-----+-------+------+-------+-----+-----+-----+-----+-----------+---------
1    |default|      |       |     |     |     |     |           |         
-----+-------+------+-------+-----+-----+-----+-----+-----------+---------
Report End Points: 
-----+-----+------+-------+-----+-----+-----+-----+-----------+---------
     |Group|Launch|Capture|Shift|Delay|Depth|Slack|Begin Point|End Point
-----+-----+------+-------+-----+-----+-----+-----+-----------+---------
1    |I2R  |      |       |     |     |     |     |           |         
-----+-----+------+-------+-----+-----+-----+-----+-----------+---------
Report End Points: 
-----+-----+-------+-------+-------+------+-----+-------+-----------+------------
     |Group|Launch |Capture|Shift  |Delay |Depth|Slack  |Begin Point|End Point   
-----+-----+-------+-------+-------+------+-----+-------+-----------+------------
1    |I2O  |vsysclk|vsysclk|20000.0|2272.5|   64|16227.5|i_add1[1]  |OF          
2    |I2O  |vsysclk|vsysclk|20000.0|2215.3|   63|16284.7|i_add1[1]  |o_result[32]
3    |I2O  |vsysclk|vsysclk|20000.0|2208.5|   62|16291.5|i_add1[1]  |o_result[31]
-----+-----+-------+-------+-------+------+-----+-------+-----------+------------
Report End Points: 
-----+-----+------+-------+-----+-----+-----+-----+-----------+---------
     |Group|Launch|Capture|Shift|Delay|Depth|Slack|Begin Point|End Point
-----+-----+------+-------+-----+-----+-----+-----+-----------+---------
1    |R2O  |      |       |     |     |     |     |           |         
-----+-----+------+-------+-----+-----+-----+-----+-----------+---------
