Report End Points: 
-----+-------+------+-------+-----+-----+-----+-----+-----------+---------
     |Group  |Launch|Capture|Shift|Delay|Depth|Slack|Begin Point|End Point
-----+-------+------+-------+-----+-----+-----+-----+-----------+---------
1    |default|      |       |     |     |     |     |           |         
-----+-------+------+-------+-----+-----+-----+-----+-----------+---------
Report End Points: 
-----+-----+------+-------+-----+-----+-----+-----+-----------+---------
     |Group|Launch|Capture|Shift|Delay|Depth|Slack|Begin Point|End Point
-----+-----+------+-------+-----+-----+-----+-----+-----------+---------
1    |I2R  |      |       |     |     |     |     |           |         
-----+-----+------+-------+-----+-----+-----+-----+-----------+---------
Report End Points: 
-----+-----+-------+-------+-------+------+-----+-------+-----------+------------
     |Group|Launch |Capture|Shift  |Delay |Depth|Slack  |Begin Point|End Point   
-----+-----+-------+-------+-------+------+-----+-------+-----------+------------
1    |I2O  |vsysclk|vsysclk|20000.0|2215.3|   63|16284.7|i_add1[1]  |o_result[32]
2    |I2O  |vsysclk|vsysclk|20000.0|2205.9|   62|16294.1|i_add1[1]  |o_result[31]
3    |I2O  |vsysclk|vsysclk|20000.0|2135.6|   60|16364.4|i_add1[1]  |o_result[30]
-----+-----+-------+-------+-------+------+-----+-------+-----------+------------
Report End Points: 
-----+-----+------+-------+-----+-----+-----+-----+-----------+---------
     |Group|Launch|Capture|Shift|Delay|Depth|Slack|Begin Point|End Point
-----+-----+------+-------+-----+-----+-----+-----+-----------+---------
1    |R2O  |      |       |     |     |     |     |           |         
-----+-----+------+-------+-----+-----+-----+-----+-----------+---------
