warning: No library characterized for (process = 1.00 voltage = 0.85 temperature = 25.00) can be found in the database for power domain '/PD_TOP'  [NL-174]
Report Power (instances with prefix '*' are included in total) : 
-----+---------------------------+--------------------+---------------------+-------------------+-----------------
     | Instance                  | Internal Power(uw) | Switching Power(uw) | Leakage Power(uw) | Total Power(uw) 
-----+---------------------------+--------------------+---------------------+-------------------+-----------------
1    |*i_0_0_0                   |            0.086857|             0.068164|           0.036164|         0.191185
2    |*i_0_0_1                   |            0.081216|             0.067021|           0.036441|         0.184678
3    |*i_0_0_2                   |            0.025976|             0.139491|           0.021200|         0.186667
4    |*genblk1_0_full_adder_inst |            0.145659|             0.280049|           0.061230|         0.486938
5    |*genblk1_1_full_adder_inst |            0.257804|             0.770746|           0.119293|         1.147843
6    |*genblk1_2_full_adder_inst |            0.255131|             0.790761|           0.119293|         1.165185
7    |*genblk1_3_full_adder_inst |            0.254113|             0.797207|           0.119293|         1.170613
8    |*genblk1_4_full_adder_inst |            0.253723|             0.799286|           0.119293|         1.172302
9    |*genblk1_5_full_adder_inst |            0.253575|             0.800074|           0.119293|         1.172942
10   |*genblk1_6_full_adder_inst |            0.253519|             0.800294|           0.119293|         1.173106
11   |*genblk1_7_full_adder_inst |            0.253499|             0.800611|           0.119293|         1.173404
12   |*genblk1_8_full_adder_inst |            0.253491|             0.800583|           0.119293|         1.173367
13   |*genblk1_9_full_adder_inst |            0.253489|             0.800667|           0.119293|         1.173448
14   |*genblk1_10_full_adder_inst|            0.253487|             0.800604|           0.119293|         1.173384
15   |*genblk1_11_full_adder_inst|            0.253488|             0.800833|           0.119293|         1.173614
16   |*genblk1_12_full_adder_inst|            0.253487|             0.800766|           0.119293|         1.173545
17   |*genblk1_13_full_adder_inst|            0.253487|             0.800774|           0.119293|         1.173554
18   |*genblk1_14_full_adder_inst|            0.253487|             0.800706|           0.119293|         1.173486
19   |*genblk1_15_full_adder_inst|            0.253488|             0.800916|           0.119293|         1.173697
20   |*genblk1_16_full_adder_inst|            0.253488|             0.800847|           0.119293|         1.173628
21   |*genblk1_17_full_adder_inst|            0.253488|             0.800916|           0.119293|         1.173697
22   |*genblk1_18_full_adder_inst|            0.253488|             0.800847|           0.119293|         1.173628
23   |*genblk1_19_full_adder_inst|            0.253489|             0.801074|           0.119293|         1.173856
24   |*genblk1_20_full_adder_inst|            0.253489|             0.801006|           0.119293|         1.173787
25   |*genblk1_21_full_adder_inst|            0.253489|             0.801014|           0.119293|         1.173796
26   |*genblk1_22_full_adder_inst|            0.253488|             0.800946|           0.119293|         1.173727
27   |*genblk1_23_full_adder_inst|            0.253489|             0.801156|           0.119293|         1.173938
28   |*genblk1_24_full_adder_inst|            0.253489|             0.801087|           0.119293|         1.173869
29   |*genblk1_25_full_adder_inst|            0.253489|             0.801156|           0.119293|         1.173938
30   |*genblk1_26_full_adder_inst|            0.253489|             0.801087|           0.119293|         1.173869
31   |*genblk1_27_full_adder_inst|            0.253490|             0.801314|           0.119293|         1.174097
32   |*genblk1_28_full_adder_inst|            0.253490|             0.801246|           0.119293|         1.174028
33   |*genblk1_29_full_adder_inst|            0.253490|             0.801254|           0.119293|         1.174037
34   |*genblk1_30_full_adder_inst|            0.253489|             0.801186|           0.119293|         1.173968
35   |*genblk1_31_full_adder_inst|            0.251767|             0.911633|           0.119293|         1.282693
36   |                           |                    |                     |                   |                 
37   |*TOTAL                     |            8.203079|            25.447327|           3.853103|        37.503510
-----+---------------------------+--------------------+---------------------+-------------------+-----------------
