warning: No library characterized for (process = 1.00 voltage = 0.85 temperature = 25.00) can be found in the database for power domain '/PD_TOP'  [NL-174]
Report Power (instances with prefix '*' are included in total) : 
-----+---------------------------+--------------------+---------------------+-------------------+-----------------
     | Instance                  | Internal Power(uw) | Switching Power(uw) | Leakage Power(uw) | Total Power(uw) 
-----+---------------------------+--------------------+---------------------+-------------------+-----------------
1    |*genblk1_0_full_adder_inst |            0.145658|             0.280118|           0.061230|         0.487005
2    |*genblk1_1_full_adder_inst |            0.257804|             0.770678|           0.119293|         1.147774
3    |*genblk1_2_full_adder_inst |            0.255132|             0.790830|           0.119293|         1.165254
4    |*genblk1_3_full_adder_inst |            0.254112|             0.796980|           0.119293|         1.170385
5    |*genblk1_4_full_adder_inst |            0.253722|             0.799183|           0.119293|         1.172198
6    |*genblk1_5_full_adder_inst |            0.253574|             0.799894|           0.119293|         1.172761
7    |*genblk1_6_full_adder_inst |            0.253519|             0.800191|           0.119293|         1.173002
8    |*genblk1_7_full_adder_inst |            0.253497|             0.800230|           0.119293|         1.173020
9    |*genblk1_8_full_adder_inst |            0.253492|             0.800652|           0.119293|         1.173436
10   |*genblk1_9_full_adder_inst |            0.253488|             0.800598|           0.119293|         1.173379
11   |*genblk1_10_full_adder_inst|            0.253488|             0.800673|           0.119293|         1.173453
12   |*genblk1_11_full_adder_inst|            0.253487|             0.800606|           0.119293|         1.173386
13   |*genblk1_12_full_adder_inst|            0.253487|             0.800663|           0.119293|         1.173442
14   |*genblk1_13_full_adder_inst|            0.253487|             0.800594|           0.119293|         1.173373
15   |*genblk1_14_full_adder_inst|            0.253487|             0.800603|           0.119293|         1.173382
16   |*genblk1_15_full_adder_inst|            0.253486|             0.800535|           0.119293|         1.173313
17   |*genblk1_16_full_adder_inst|            0.253488|             0.800916|           0.119293|         1.173697
18   |*genblk1_17_full_adder_inst|            0.253488|             0.800847|           0.119293|         1.173628
19   |*genblk1_18_full_adder_inst|            0.253488|             0.800916|           0.119293|         1.173697
20   |*genblk1_19_full_adder_inst|            0.253488|             0.800847|           0.119293|         1.173628
21   |*genblk1_20_full_adder_inst|            0.253488|             0.800903|           0.119293|         1.173684
22   |*genblk1_21_full_adder_inst|            0.253488|             0.800834|           0.119293|         1.173615
23   |*genblk1_22_full_adder_inst|            0.253488|             0.800843|           0.119293|         1.173623
24   |*genblk1_23_full_adder_inst|            0.253487|             0.800775|           0.119293|         1.173555
25   |*genblk1_24_full_adder_inst|            0.253489|             0.801156|           0.119293|         1.173938
26   |*genblk1_25_full_adder_inst|            0.253489|             0.801087|           0.119293|         1.173869
27   |*genblk1_26_full_adder_inst|            0.253489|             0.801156|           0.119293|         1.173938
28   |*genblk1_27_full_adder_inst|            0.253489|             0.801087|           0.119293|         1.173869
29   |*genblk1_28_full_adder_inst|            0.253489|             0.801143|           0.119293|         1.173925
30   |*genblk1_29_full_adder_inst|            0.253489|             0.801074|           0.119293|         1.173856
31   |*genblk1_30_full_adder_inst|            0.253489|             0.801083|           0.119293|         1.173864
32   |*genblk1_31_full_adder_inst|            0.251835|             0.860164|           0.119293|         1.231292
33   |                           |                    |                     |                   |                 
34   |*TOTAL                     |            8.009080|            25.117861|           3.759299|        36.886238
-----+---------------------------+--------------------+---------------------+-------------------+-----------------
