Report Instance Areas: 
-----+-----------------------------+-------------------+-----+---------
     |Instance                     |Module             |Cells|Cell Area
-----+-----------------------------+-------------------+-----+---------
1    |top                          |                   |  171|      219
2    |  RCA                        |ripple_adder__0_65 |   30|       38
3    |    genblk1_0_full_adder_inst|full_adder__0_64   |    2|        3
4    |    genblk1_1_full_adder_inst|full_adder__0_60   |    4|        5
5    |    genblk1_2_full_adder_inst|full_adder__0_56   |    4|        5
6    |    genblk1_3_full_adder_inst|full_adder__0_52   |    4|        5
7    |    genblk1_4_full_adder_inst|full_adder__0_48   |    4|        5
8    |    genblk1_5_full_adder_inst|full_adder__0_44   |    4|        5
9    |    genblk1_6_full_adder_inst|full_adder__0_40   |    4|        5
10   |    genblk1_7_full_adder_inst|full_adder__0_36   |    4|        5
11   |  genblk1_1_inc              |Increment__0_178   |   17|       22
12   |    genblk1_0_ha             |HA__0_177          |    2|        3
13   |    genblk1_1_ha             |HA__0_174          |    2|        3
14   |    genblk1_2_ha             |HA__0_171          |    2|        3
15   |    genblk1_3_ha             |HA__0_168          |    2|        3
16   |    genblk1_4_ha             |HA__0_165          |    2|        3
17   |    genblk1_5_ha             |HA__0_162          |    2|        3
18   |    genblk1_6_ha             |HA__0_159          |    2|        3
19   |    genblk1_7_ha             |HA__0_156          |    2|        3
20   |  genblk1_2_inc              |Increment__0_204   |   17|       22
21   |    genblk1_0_ha             |HA__0_203          |    2|        3
22   |    genblk1_1_ha             |HA__0_200          |    2|        3
23   |    genblk1_2_ha             |HA__0_197          |    2|        3
24   |    genblk1_3_ha             |HA__0_194          |    2|        3
25   |    genblk1_4_ha             |HA__0_191          |    2|        3
26   |    genblk1_5_ha             |HA__0_188          |    2|        3
27   |    genblk1_6_ha             |HA__0_185          |    2|        3
28   |    genblk1_7_ha             |HA__0_182          |    2|        3
29   |  genblk1_3_inc              |Increment          |   17|       22
30   |    genblk1_0_ha             |HA__0_134          |    2|        3
31   |    genblk1_1_ha             |HA__0_137          |    2|        3
32   |    genblk1_2_ha             |HA__0_140          |    2|        3
33   |    genblk1_3_ha             |HA__0_143          |    2|        3
34   |    genblk1_4_ha             |HA__0_146          |    2|        3
35   |    genblk1_5_ha             |HA__0_149          |    2|        3
36   |    genblk1_6_ha             |HA__0_152          |    2|        3
37   |    genblk1_7_ha             |HA                 |    2|        3
38   |  genblk1_1_RCA              |ripple_adder__0_98 |   30|       38
39   |    genblk1_0_full_adder_inst|full_adder__0_97   |    2|        3
40   |    genblk1_1_full_adder_inst|full_adder__0_93   |    4|        5
41   |    genblk1_2_full_adder_inst|full_adder__0_89   |    4|        5
42   |    genblk1_3_full_adder_inst|full_adder__0_85   |    4|        5
43   |    genblk1_4_full_adder_inst|full_adder__0_81   |    4|        5
44   |    genblk1_5_full_adder_inst|full_adder__0_77   |    4|        5
45   |    genblk1_6_full_adder_inst|full_adder__0_73   |    4|        5
46   |    genblk1_7_full_adder_inst|full_adder__0_69   |    4|        5
47   |  genblk1_2_RCA              |ripple_adder__0_131|   30|       38
48   |    genblk1_0_full_adder_inst|full_adder__0_130  |    2|        3
49   |    genblk1_1_full_adder_inst|full_adder__0_126  |    4|        5
50   |    genblk1_2_full_adder_inst|full_adder__0_122  |    4|        5
51   |    genblk1_3_full_adder_inst|full_adder__0_118  |    4|        5
52   |    genblk1_4_full_adder_inst|full_adder__0_114  |    4|        5
53   |    genblk1_5_full_adder_inst|full_adder__0_110  |    4|        5
54   |    genblk1_6_full_adder_inst|full_adder__0_106  |    4|        5
55   |    genblk1_7_full_adder_inst|full_adder__0_102  |    4|        5
56   |  genblk1_3_RCA              |ripple_adder       |   30|       38
57   |    genblk1_0_full_adder_inst|full_adder__0_8    |    2|        3
58   |    genblk1_1_full_adder_inst|full_adder__0_12   |    4|        5
59   |    genblk1_2_full_adder_inst|full_adder__0_16   |    4|        5
60   |    genblk1_3_full_adder_inst|full_adder__0_20   |    4|        5
61   |    genblk1_4_full_adder_inst|full_adder__0_24   |    4|        5
62   |    genblk1_5_full_adder_inst|full_adder__0_28   |    4|        5
63   |    genblk1_6_full_adder_inst|full_adder__0_32   |    4|        5
64   |    genblk1_7_full_adder_inst|full_adder         |    4|        5
-----+-----------------------------+-------------------+-----+---------
