warning: No library characterized for (process = 1.00 voltage = 0.85 temperature = 25.00) can be found in the database for power domain '/PD_TOP'  [NL-174]
Report Power (instances with prefix '*' are included in total) : 
-----+--------------+--------------------+---------------------+-------------------+-----------------
     | Instance     | Internal Power(uw) | Switching Power(uw) | Leakage Power(uw) | Total Power(uw) 
-----+--------------+--------------------+---------------------+-------------------+-----------------
1    |*RCA          |            1.927898|             5.819136|           0.896278|         8.643312
2    |*i_0_0_0      |            0.086857|             0.068164|           0.036164|         0.191185
3    |*i_0_0_1      |            0.081238|             0.067021|           0.036441|         0.184700
4    |*i_0_0_2      |            0.025975|             0.140430|           0.021200|         0.187604
5    |*genblk1_1_RCA|            1.927647|             4.975470|           0.896278|         7.799394
6    |*genblk1_1_inc|            0.945375|             1.720813|           0.512533|         3.178722
7    |*genblk1_2_RCA|            1.927647|             4.975470|           0.896278|         7.799394
8    |*genblk1_2_inc|            0.945289|             1.722990|           0.512533|         3.180812
9    |*genblk1_3_RCA|            1.927647|             4.975470|           0.896278|         7.799394
10   |*genblk1_3_inc|            0.947873|             1.865280|           0.512533|         3.325686
11   |              |                    |                     |                   |                 
12   |*TOTAL        |           10.743446|            26.330242|           5.216515|        42.290203
-----+--------------+--------------------+---------------------+-------------------+-----------------
